motor.h:56:10:int* Motor::getSteps()	16	static
main.cpp:86:5:int main()	3072	static
main.cpp:236:6:void SystemClock_Config()	88	static
main.cpp:282:13:void MX_ADC1_Init()	24	static
main.cpp:367:13:void MX_TIM1_Init()	80	static
main.cpp:444:13:void MX_TIM2_Init()	48	static
main.cpp:505:13:void MX_TIM3_Init()	48	static
main.cpp:566:13:void MX_USART1_UART_Init()	8	static
main.cpp:597:13:void MX_DMA_Init()	16	static
main.cpp:615:13:void MX_GPIO_Init()	40	static
main.cpp:645:6:void Error_Handler()	4	static,ignoring_inline_asm
