motor.h:54:10:int* Motor::getSteps()	16	static
main.cpp:86:5:int main()	1528	static
main.cpp:227:6:void SystemClock_Config()	88	static
main.cpp:273:13:void MX_ADC1_Init()	24	static
main.cpp:358:13:void MX_TIM1_Init()	80	static
main.cpp:435:13:void MX_TIM2_Init()	48	static
main.cpp:496:13:void MX_TIM3_Init()	48	static
main.cpp:557:13:void MX_USART1_UART_Init()	8	static
main.cpp:588:13:void MX_DMA_Init()	16	static
main.cpp:606:13:void MX_GPIO_Init()	40	static
main.cpp:636:6:void Error_Handler()	4	static,ignoring_inline_asm
